// Jest Snapshot v1, https://goo.gl/fbAQLP

exports[`BackButton renders correctly 1`] = `
<Button
  hitSlop={
    Object {
      "bottom": 5,
      "left": 5,
      "right": 5,
      "top": 5,
    }
  }
>
  <_default
    name="arrow-back"
    size={30}
  />
</Button>
`;
